\BOOKMARK [0][-]{chapter*.2}{Preface}{}% 1
\BOOKMARK [1][-]{section*.3}{Methodology}{chapter*.2}% 2
\BOOKMARK [1][-]{Item.9}{Selection\040Criteria}{chapter*.2}% 3
\BOOKMARK [1][-]{Item.14}{Scope\040and\040Organization}{chapter*.2}% 4
\BOOKMARK [1][-]{Item.14}{Intended\040Audience\040and\040Background}{chapter*.2}% 5
\BOOKMARK [1][-]{Item.14}{Notation}{chapter*.2}% 6
\BOOKMARK [-1][-]{part.1}{I\040The\040Nature\040of\040Computation}{}% 7
\BOOKMARK [0][-]{chapter.1}{What\040Is\040Computation?}{part.1}% 8
\BOOKMARK [1][-]{section.1.1}{The\040Question:\040What\040Problem\040Was\040Humanity\040Trying\040to\040Solve?}{chapter.1}% 9
\BOOKMARK [1][-]{section.1.2}{Why\040It\040Seemed\040Impossible}{chapter.1}% 10
\BOOKMARK [1][-]{section.1.3}{Historical\040Context:\040What\040Was\040Known\040at\040the\040Time}{chapter.1}% 11
\BOOKMARK [1][-]{section.1.4}{The\040Mental\040Leap:\040The\040Creative\040Insight\040That\040Changed\040Everything}{chapter.1}% 12
\BOOKMARK [1][-]{section.1.5}{The\040Mathematics:\040Rigorous\040Development\040of\040the\040Theory}{chapter.1}% 13
\BOOKMARK [2][-]{subsection.1.5.1}{Definitions}{section.1.5}% 14
\BOOKMARK [2][-]{subsection.1.5.2}{The\040Church-Turing\040Thesis}{section.1.5}% 15
\BOOKMARK [2][-]{subsection.1.5.3}{Equivalence\040of\040Formalisms}{section.1.5}% 16
\BOOKMARK [2][-]{subsection.1.5.4}{\376\377\000T\000h\000e\000\040\003\273\000-\000C\000a\000l\000c\000u\000l\000u\000s\000:\000\040\000S\000y\000n\000t\000a\000x\000\040\000a\000n\000d\000\040\000R\000e\000d\000u\000c\000t\000i\000o\000n}{section.1.5}% 17
\BOOKMARK [2][-]{subsection.1.5.5}{Fixed-Point\040Combinators\040and\040Recursion}{section.1.5}% 18
\BOOKMARK [2][-]{subsection.1.5.6}{Smallest\040Universal\040Turing\040Machines}{section.1.5}% 19
\BOOKMARK [2][-]{subsection.1.5.7}{Cellular\040Automata\040and\040Rule\040110}{section.1.5}% 20
\BOOKMARK [2][-]{subsection.1.5.8}{The\040Universal\040Machine\040Construction}{section.1.5}% 21
\BOOKMARK [2][-]{subsection.1.5.9}{Partial\040Recursive\040Functions}{section.1.5}% 22
\BOOKMARK [2][-]{subsection.1.5.10}{Post\040Canonical\040Systems}{section.1.5}% 23
\BOOKMARK [1][-]{section.1.6}{Consequences:\040What\040Became\040Possible}{chapter.1}% 24
\BOOKMARK [1][-]{section.1.7}{Philosophical\040Significance:\040What\040It\040Taught\040Us\040About\040Knowledge,\040Computation,\040or\040Reality}{chapter.1}% 25
\BOOKMARK [1][-]{section.1.8}{Modern\040Legacy:\040Where\040This\040Idea\040Appears\040Today}{chapter.1}% 26
\BOOKMARK [1][-]{section.1.9}{Summary}{chapter.1}% 27
\BOOKMARK [1][-]{section.1.10}{Exercises}{chapter.1}% 28
\BOOKMARK [1][-]{section.1.11}{Timeline}{chapter.1}% 29
\BOOKMARK [1][-]{section.1.11}{Timeline}{chapter.1}% 30
\BOOKMARK [1][-]{section.1.12}{Citations}{chapter.1}% 31
\BOOKMARK [0][-]{chapter.2}{The\040Halting\040Problem}{part.1}% 32
\BOOKMARK [1][-]{section.2.1}{The\040Question:\040What\040Problem\040Was\040Humanity\040Trying\040to\040Solve?}{chapter.2}% 33
\BOOKMARK [1][-]{section.2.2}{Why\040It\040Seemed\040Impossible}{chapter.2}% 34
\BOOKMARK [1][-]{section.2.3}{Historical\040Context:\040What\040Was\040Known\040at\040the\040Time}{chapter.2}% 35
\BOOKMARK [1][-]{section.2.4}{The\040Mental\040Leap:\040The\040Creative\040Insight\040That\040Changed\040Everything}{chapter.2}% 36
\BOOKMARK [1][-]{section.2.5}{The\040Mathematics:\040Rigorous\040Development\040of\040the\040Theory}{chapter.2}% 37
\BOOKMARK [2][-]{subsection.2.5.1}{Formal\040Definitions}{section.2.5}% 38
\BOOKMARK [2][-]{subsection.2.5.2}{The\040Undecidability\040Proof}{section.2.5}% 39
\BOOKMARK [2][-]{subsection.2.5.3}{HALT\040Is\040Semi-Decidable}{section.2.5}% 40
\BOOKMARK [2][-]{subsection.2.5.4}{The\040Complement\040Is\040Not\040Semi-Decidable}{section.2.5}% 41
\BOOKMARK [2][-]{subsection.2.5.5}{Many-One\040Reductions:\040Proving\040Other\040Problems\040Undecidable}{section.2.5}% 42
\BOOKMARK [2][-]{subsection.2.5.6}{Turing\040Reductions\040and\040Degrees\040of\040Unsolvability}{section.2.5}% 43
\BOOKMARK [2][-]{subsection.2.5.7}{The\040Arithmetical\040Hierarchy}{section.2.5}% 44
\BOOKMARK [2][-]{subsection.2.5.8}{The\040Structure\040of\040r.e.\040Degrees}{section.2.5}% 45
\BOOKMARK [1][-]{section.2.6}{Consequences:\040What\040Became\040Possible}{chapter.2}% 46
\BOOKMARK [1][-]{section.2.7}{Philosophical\040Significance:\040What\040It\040Taught\040Us\040About\040Knowledge,\040Computation,\040or\040Reality}{chapter.2}% 47
\BOOKMARK [1][-]{section.2.8}{Modern\040Legacy:\040Where\040This\040Idea\040Appears\040Today}{chapter.2}% 48
\BOOKMARK [1][-]{section.2.9}{Summary}{chapter.2}% 49
\BOOKMARK [1][-]{section.2.10}{Exercises}{chapter.2}% 50
\BOOKMARK [1][-]{section.2.11}{Timeline}{chapter.2}% 51
\BOOKMARK [1][-]{section.2.11}{Timeline}{chapter.2}% 52
\BOOKMARK [1][-]{section.2.12}{Citations}{chapter.2}% 53
\BOOKMARK [0][-]{chapter.3}{G\366del's\040Incompleteness\040Theorems}{part.1}% 54
\BOOKMARK [1][-]{section.3.1}{The\040Question:\040What\040Problem\040Was\040Humanity\040Trying\040to\040Solve?}{chapter.3}% 55
\BOOKMARK [1][-]{section.3.2}{Why\040It\040Seemed\040Impossible}{chapter.3}% 56
\BOOKMARK [1][-]{section.3.3}{Historical\040Context:\040What\040Was\040Known\040at\040the\040Time}{chapter.3}% 57
\BOOKMARK [1][-]{section.3.4}{The\040Mental\040Leap:\040The\040Creative\040Insight\040That\040Changed\040Everything}{chapter.3}% 58
\BOOKMARK [1][-]{section.3.5}{The\040Mathematics:\040Rigorous\040Development\040of\040the\040Theory}{chapter.3}% 59
\BOOKMARK [2][-]{subsection.3.5.1}{G\366del\040Numbering}{section.3.5}% 60
\BOOKMARK [2][-]{subsection.3.5.2}{Primitive\040Recursive\040Functions}{section.3.5}% 61
\BOOKMARK [2][-]{subsection.3.5.3}{The\040Diagonal\040Lemma}{section.3.5}% 62
\BOOKMARK [2][-]{subsection.3.5.4}{First\040Incompleteness\040Theorem}{section.3.5}% 63
\BOOKMARK [2][-]{subsection.3.5.5}{Second\040Incompleteness\040Theorem}{section.3.5}% 64
\BOOKMARK [2][-]{subsection.3.5.6}{Tarski's\040Undefinability\040of\040Truth\040\(1933\)}{section.3.5}% 65
\BOOKMARK [2][-]{subsection.3.5.7}{Rosser's\040Improvement\040\(1936\)}{section.3.5}% 66
\BOOKMARK [2][-]{subsection.3.5.8}{Gentzen's\040Consistency\040Proof\040\(1936\)\040and\040Proof-Theoretic\040Ordinals}{section.3.5}% 67
\BOOKMARK [2][-]{subsection.3.5.9}{Natural\040Independence\040Results}{section.3.5}% 68
\BOOKMARK [1][-]{section.3.6}{Consequences:\040What\040Became\040Possible}{chapter.3}% 69
\BOOKMARK [1][-]{section.3.7}{Philosophical\040Significance:\040What\040It\040Taught\040Us\040About\040Knowledge,\040Computation,\040or\040Reality}{chapter.3}% 70
\BOOKMARK [1][-]{section.3.8}{Modern\040Legacy:\040Where\040This\040Idea\040Appears\040Today}{chapter.3}% 71
\BOOKMARK [1][-]{section.3.9}{Summary}{chapter.3}% 72
\BOOKMARK [1][-]{section.3.10}{Exercises}{chapter.3}% 73
\BOOKMARK [1][-]{section.3.11}{Timeline}{chapter.3}% 74
\BOOKMARK [1][-]{section.3.11}{Timeline}{chapter.3}% 75
\BOOKMARK [1][-]{section.3.12}{Citations}{chapter.3}% 76
\BOOKMARK [0][-]{chapter.4}{Rice's\040Theorem}{part.1}% 77
\BOOKMARK [1][-]{section.4.1}{The\040Question:\040What\040Problem\040Was\040Humanity\040Trying\040to\040Solve?}{chapter.4}% 78
\BOOKMARK [1][-]{section.4.2}{Why\040It\040Seemed\040Impossible}{chapter.4}% 79
\BOOKMARK [1][-]{section.4.3}{Historical\040Context:\040What\040Was\040Known\040at\040the\040Time}{chapter.4}% 80
\BOOKMARK [1][-]{section.4.4}{The\040Mental\040Leap:\040The\040Creative\040Insight\040That\040Changed\040Everything}{chapter.4}% 81
\BOOKMARK [1][-]{section.4.5}{The\040Mathematics:\040Rigorous\040Development\040of\040the\040Theory}{chapter.4}% 82
\BOOKMARK [2][-]{subsection.4.5.1}{Definitions}{section.4.5}% 83
\BOOKMARK [2][-]{subsection.4.5.2}{Rice's\040Theorem}{section.4.5}% 84
\BOOKMARK [2][-]{subsection.4.5.3}{Fixed\040Points\040and\040the\040Recursion\040Theorem}{section.4.5}% 85
\BOOKMARK [2][-]{subsection.4.5.4}{Variants\040and\040Extensions}{section.4.5}% 86
\BOOKMARK [2][-]{subsection.4.5.5}{Index\040Sets\040and\040Their\040Properties}{section.4.5}% 87
\BOOKMARK [2][-]{subsection.4.5.6}{The\040Arithmetical\040Hierarchy\040Classification}{section.4.5}% 88
\BOOKMARK [2][-]{subsection.4.5.7}{Examples\040of\040Applying\040Rice's\040Theorem}{section.4.5}% 89
\BOOKMARK [1][-]{section.4.6}{Consequences:\040What\040Became\040Possible}{chapter.4}% 90
\BOOKMARK [1][-]{section.4.7}{Philosophical\040Significance:\040What\040It\040Taught\040Us\040About\040Knowledge,\040Computation,\040or\040Reality}{chapter.4}% 91
\BOOKMARK [1][-]{section.4.8}{Modern\040Legacy:\040Where\040This\040Idea\040Appears\040Today}{chapter.4}% 92
\BOOKMARK [1][-]{section.4.9}{Summary}{chapter.4}% 93
\BOOKMARK [1][-]{section.4.10}{Exercises}{chapter.4}% 94
\BOOKMARK [1][-]{section.4.11}{Timeline}{chapter.4}% 95
\BOOKMARK [1][-]{section.4.11}{Timeline}{chapter.4}% 96
\BOOKMARK [1][-]{section.4.12}{Citations}{chapter.4}% 97
\BOOKMARK [-1][-]{part.2}{II\040Information}{}% 98
\BOOKMARK [0][-]{chapter.5}{What\040Is\040Information?}{part.2}% 99
\BOOKMARK [1][-]{section.5.1}{The\040Question:\040What\040Problem\040Was\040Humanity\040Trying\040to\040Solve?}{chapter.5}% 100
\BOOKMARK [1][-]{section.5.2}{Why\040It\040Seemed\040Impossible}{chapter.5}% 101
\BOOKMARK [1][-]{section.5.3}{Historical\040Context:\040What\040Was\040Known\040at\040the\040Time}{chapter.5}% 102
\BOOKMARK [1][-]{section.5.4}{The\040Mental\040Leap:\040The\040Creative\040Insight\040That\040Changed\040Everything}{chapter.5}% 103
\BOOKMARK [1][-]{section.5.5}{The\040Mathematics:\040Rigorous\040Development\040of\040the\040Theory}{chapter.5}% 104
\BOOKMARK [2][-]{subsection.5.5.1}{Entropy\040and\040Its\040Properties}{section.5.5}% 105
\BOOKMARK [2][-]{subsection.5.5.2}{The\040Asymptotic\040Equipartition\040Property}{section.5.5}% 106
\BOOKMARK [2][-]{subsection.5.5.3}{Jensen's\040Inequality\040and\040Concavity\040of\040Entropy}{section.5.5}% 107
\BOOKMARK [2][-]{subsection.5.5.4}{The\040Shannon\205McMillan\205Breiman\040Theorem}{section.5.5}% 108
\BOOKMARK [2][-]{subsection.5.5.5}{The\040Data\040Processing\040Inequality}{section.5.5}% 109
\BOOKMARK [2][-]{subsection.5.5.6}{Joint\040Typicality}{section.5.5}% 110
\BOOKMARK [2][-]{subsection.5.5.7}{Differential\040Entropy}{section.5.5}% 111
\BOOKMARK [2][-]{subsection.5.5.8}{Source\040Coding\040Theorem\040\(Compression\)}{section.5.5}% 112
\BOOKMARK [2][-]{subsection.5.5.9}{Channel\040Coding\040Theorem\040\(Reliable\040Communication\)}{section.5.5}% 113
\BOOKMARK [2][-]{subsection.5.5.10}{Fano's\040Inequality}{section.5.5}% 114
\BOOKMARK [2][-]{subsection.5.5.11}{Worked\040Example:\040Binary\040Symmetric\040Channel}{section.5.5}% 115
\BOOKMARK [2][-]{subsection.5.5.12}{Continuous\040Channels\040\(Shannon-Hartley\)}{section.5.5}% 116
\BOOKMARK [2][-]{subsection.5.5.13}{Rate-Distortion\040Theory}{section.5.5}% 117
\BOOKMARK [1][-]{section.5.6}{Consequences:\040What\040Became\040Possible}{chapter.5}% 118
\BOOKMARK [1][-]{section.5.7}{Philosophical\040Significance:\040What\040It\040Taught\040Us\040About\040Knowledge,\040Computation,\040or\040Reality}{chapter.5}% 119
\BOOKMARK [1][-]{section.5.8}{Modern\040Legacy:\040Where\040This\040Idea\040Appears\040Today}{chapter.5}% 120
\BOOKMARK [1][-]{section.5.9}{Summary}{chapter.5}% 121
\BOOKMARK [1][-]{section.5.10}{Exercises}{chapter.5}% 122
\BOOKMARK [1][-]{section.5.11}{Timeline}{chapter.5}% 123
\BOOKMARK [1][-]{section.5.11}{Timeline}{chapter.5}% 124
\BOOKMARK [1][-]{section.5.12}{Citations}{chapter.5}% 125
\BOOKMARK [0][-]{chapter.6}{Error\040Correcting\040Codes}{part.2}% 126
\BOOKMARK [1][-]{section.6.1}{The\040Question:\040What\040Problem\040Was\040Humanity\040Trying\040to\040Solve?}{chapter.6}% 127
\BOOKMARK [1][-]{section.6.2}{Why\040It\040Seemed\040Impossible:\040What\040Barriers\040Blocked\040Progress}{chapter.6}% 128
\BOOKMARK [1][-]{section.6.3}{Historical\040Context:\040What\040Was\040Known\040at\040the\040Time}{chapter.6}% 129
\BOOKMARK [1][-]{section.6.4}{The\040Mental\040Leap:\040The\040Creative\040Insight\040That\040Changed\040Everything}{chapter.6}% 130
\BOOKMARK [1][-]{section.6.5}{The\040Mathematics:\040Rigorous\040Development\040of\040the\040Theory}{chapter.6}% 131
\BOOKMARK [2][-]{subsection.6.5.1}{Definitions}{section.6.5}% 132
\BOOKMARK [2][-]{subsection.6.5.2}{Hamming\040Codes}{section.6.5}% 133
\BOOKMARK [2][-]{subsection.6.5.3}{Reed-Solomon\040Codes}{section.6.5}% 134
\BOOKMARK [2][-]{subsection.6.5.4}{BCH\040Codes}{section.6.5}% 135
\BOOKMARK [2][-]{subsection.6.5.5}{Concatenated\040Codes}{section.6.5}% 136
\BOOKMARK [2][-]{subsection.6.5.6}{Convolutional\040Codes\040and\040Viterbi\040Algorithm}{section.6.5}% 137
\BOOKMARK [2][-]{subsection.6.5.7}{Turbo\040Codes}{section.6.5}% 138
\BOOKMARK [2][-]{subsection.6.5.8}{LDPC\040Codes}{section.6.5}% 139
\BOOKMARK [2][-]{subsection.6.5.9}{Polar\040Codes}{section.6.5}% 140
\BOOKMARK [1][-]{section.6.6}{Consequences:\040What\040Became\040Possible}{chapter.6}% 141
\BOOKMARK [1][-]{section.6.7}{Philosophical\040Significance:\040What\040It\040Revealed\040About\040Limits\040of\040Formal\040Systems}{chapter.6}% 142
\BOOKMARK [1][-]{section.6.8}{Modern\040Legacy:\040Where\040This\040Idea\040Appears\040Today}{chapter.6}% 143
\BOOKMARK [1][-]{section.6.9}{Summary}{chapter.6}% 144
\BOOKMARK [1][-]{section.6.10}{Exercises}{chapter.6}% 145
\BOOKMARK [1][-]{section.6.11}{Timeline}{chapter.6}% 146
\BOOKMARK [1][-]{section.6.11}{Timeline}{chapter.6}% 147
\BOOKMARK [1][-]{section.6.12}{Citations}{chapter.6}% 148
\BOOKMARK [0][-]{chapter.7}{Kolmogorov\040Complexity}{part.2}% 149
\BOOKMARK [1][-]{section.7.1}{The\040Question:\040What\040Problem\040Was\040Humanity\040Trying\040to\040Solve?}{chapter.7}% 150
\BOOKMARK [1][-]{section.7.2}{Why\040It\040Seemed\040Impossible:\040What\040Barriers\040Blocked\040Progress}{chapter.7}% 151
\BOOKMARK [1][-]{section.7.3}{Historical\040Context:\040What\040Was\040Known\040at\040the\040Time}{chapter.7}% 152
\BOOKMARK [1][-]{section.7.4}{The\040Mental\040Leap:\040The\040Creative\040Insight\040That\040Changed\040Everything}{chapter.7}% 153
\BOOKMARK [1][-]{section.7.5}{The\040Mathematics:\040Rigorous\040Development\040of\040the\040Theory}{chapter.7}% 154
\BOOKMARK [2][-]{subsection.7.5.1}{Plain\040vs.\040Prefix\040Complexity}{section.7.5}% 155
\BOOKMARK [2][-]{subsection.7.5.2}{Invariance\040Theorem}{section.7.5}% 156
\BOOKMARK [2][-]{subsection.7.5.3}{Basic\040Properties}{section.7.5}% 157
\BOOKMARK [2][-]{subsection.7.5.4}{Algorithmic\040Randomness}{section.7.5}% 158
\BOOKMARK [2][-]{subsection.7.5.5}{\376\377\000C\000h\000a\000i\000t\000i\000n\000'\000s\000\040\003\251}{section.7.5}% 159
\BOOKMARK [2][-]{subsection.7.5.6}{Relation\040to\040Shannon\040Entropy}{section.7.5}% 160
\BOOKMARK [2][-]{subsection.7.5.7}{The\040Coding\040Theorem}{section.7.5}% 161
\BOOKMARK [2][-]{subsection.7.5.8}{Algorithmic\040Probability\040and\040Solomonoff\040Induction}{section.7.5}% 162
\BOOKMARK [2][-]{subsection.7.5.9}{Symmetry\040of\040Information}{section.7.5}% 163
\BOOKMARK [2][-]{subsection.7.5.10}{The\040Structure\040Function\040and\040Algorithmic\040Statistics}{section.7.5}% 164
\BOOKMARK [2][-]{subsection.7.5.11}{Time-Bounded\040Complexity\040and\040Logical\040Depth}{section.7.5}% 165
\BOOKMARK [2][-]{subsection.7.5.12}{Minimum\040Description\040Length\040\(MDL\)}{section.7.5}% 166
\BOOKMARK [2][-]{subsection.7.5.13}{Algorithmic\040Mutual\040Information}{section.7.5}% 167
\BOOKMARK [2][-]{subsection.7.5.14}{Worked\040Examples\040of\040K-Complexity\040Calculations}{section.7.5}% 168
\BOOKMARK [1][-]{section.7.6}{Consequences:\040What\040Became\040Possible}{chapter.7}% 169
\BOOKMARK [1][-]{section.7.7}{Philosophical\040Significance:\040What\040It\040Revealed\040About\040Limits\040of\040Formal\040Systems}{chapter.7}% 170
\BOOKMARK [1][-]{section.7.8}{Modern\040Legacy:\040Where\040This\040Idea\040Appears\040Today}{chapter.7}% 171
\BOOKMARK [1][-]{section.7.9}{Summary}{chapter.7}% 172
\BOOKMARK [1][-]{section.7.10}{Exercises}{chapter.7}% 173
\BOOKMARK [1][-]{section.7.11}{Timeline}{chapter.7}% 174
\BOOKMARK [1][-]{section.7.11}{Timeline}{chapter.7}% 175
\BOOKMARK [1][-]{section.7.12}{Citations}{chapter.7}% 176
\BOOKMARK [-1][-]{part.3}{III\040Difficulty\040and\040Coordination}{}% 177
\BOOKMARK [0][-]{chapter.8}{Computational\040Complexity}{part.3}% 178
\BOOKMARK [1][-]{section.8.1}{The\040Question:\040What\040Problem\040Was\040Humanity\040Trying\040to\040Solve?}{chapter.8}% 179
\BOOKMARK [1][-]{section.8.2}{Why\040It\040Seemed\040Impossible:\040What\040Barriers\040Blocked\040Progress}{chapter.8}% 180
\BOOKMARK [1][-]{section.8.3}{Historical\040Context:\040What\040Was\040Known\040at\040the\040Time}{chapter.8}% 181
\BOOKMARK [1][-]{section.8.4}{The\040Mental\040Leap:\040The\040Creative\040Insight\040That\040Changed\040Everything}{chapter.8}% 182
\BOOKMARK [1][-]{section.8.5}{The\040Mathematics:\040Rigorous\040Development\040of\040the\040Theory}{chapter.8}% 183
\BOOKMARK [2][-]{subsection.8.5.1}{Complexity\040Classes}{section.8.5}% 184
\BOOKMARK [2][-]{subsection.8.5.2}{Hierarchy\040Theorems}{section.8.5}% 185
\BOOKMARK [2][-]{subsection.8.5.3}{Relationships\040Between\040Classes}{section.8.5}% 186
\BOOKMARK [2][-]{subsection.8.5.4}{The\040Extended\040Church-Turing\040Thesis}{section.8.5}% 187
\BOOKMARK [2][-]{subsection.8.5.5}{Circuit\040Complexity\040and\040Non-Uniform\040Models}{section.8.5}% 188
\BOOKMARK [2][-]{subsection.8.5.6}{Derandomization\040and\040Pseudorandomness}{section.8.5}% 189
\BOOKMARK [2][-]{subsection.8.5.7}{Quantum\040Complexity}{section.8.5}% 190
\BOOKMARK [2][-]{subsection.8.5.8}{Fine-Grained\040Complexity}{section.8.5}% 191
\BOOKMARK [2][-]{subsection.8.5.9}{Parameterized\040Complexity}{section.8.5}% 192
\BOOKMARK [2][-]{subsection.8.5.10}{Proof\040Complexity}{section.8.5}% 193
\BOOKMARK [1][-]{section.8.6}{Consequences:\040What\040Became\040Possible}{chapter.8}% 194
\BOOKMARK [1][-]{section.8.7}{Philosophical\040Significance:\040What\040It\040Revealed\040About\040Limits\040of\040Formal\040Systems}{chapter.8}% 195
\BOOKMARK [1][-]{section.8.8}{Modern\040Legacy:\040Where\040This\040Idea\040Appears\040Today}{chapter.8}% 196
\BOOKMARK [1][-]{section.8.9}{Summary}{chapter.8}% 197
\BOOKMARK [1][-]{section.8.10}{Exercises}{chapter.8}% 198
\BOOKMARK [1][-]{section.8.11}{Timeline}{chapter.8}% 199
\BOOKMARK [1][-]{section.8.11}{Timeline}{chapter.8}% 200
\BOOKMARK [1][-]{section.8.12}{Citations}{chapter.8}% 201
\BOOKMARK [0][-]{chapter.9}{NP\040Completeness}{part.3}% 202
\BOOKMARK [1][-]{section.9.1}{The\040Question:\040What\040Problem\040Was\040Humanity\040Trying\040to\040Solve?}{chapter.9}% 203
\BOOKMARK [1][-]{section.9.2}{Why\040It\040Seemed\040Impossible:\040What\040Barriers\040Blocked\040Progress}{chapter.9}% 204
\BOOKMARK [1][-]{section.9.3}{Historical\040Context:\040What\040Was\040Known\040at\040the\040Time}{chapter.9}% 205
\BOOKMARK [1][-]{section.9.4}{The\040Mental\040Leap:\040The\040Creative\040Insight\040That\040Changed\040Everything}{chapter.9}% 206
\BOOKMARK [1][-]{section.9.5}{The\040Mathematics:\040Rigorous\040Development\040of\040the\040Theory}{chapter.9}% 207
\BOOKMARK [2][-]{subsection.9.5.1}{Definitions}{section.9.5}% 208
\BOOKMARK [2][-]{subsection.9.5.2}{The\040Cook-Levin\040Theorem}{section.9.5}% 209
\BOOKMARK [2][-]{subsection.9.5.3}{Karp's\04021\040Problems\040\(Key\040Reductions\)}{section.9.5}% 210
\BOOKMARK [2][-]{subsection.9.5.4}{More\040Reductions\040and\040Classical\040NP-Complete\040Problems}{section.9.5}% 211
\BOOKMARK [2][-]{subsection.9.5.5}{The\040Structure\040of\040NP\040\(Ladner's\040Theorem\)}{section.9.5}% 212
\BOOKMARK [2][-]{subsection.9.5.6}{Completeness\040for\040Other\040Classes}{section.9.5}% 213
\BOOKMARK [2][-]{subsection.9.5.7}{The\040PCP\040Theorem\040and\040Hardness\040of\040Approximation}{section.9.5}% 214
\BOOKMARK [1][-]{section.9.6}{Consequences:\040What\040Became\040Possible}{chapter.9}% 215
\BOOKMARK [1][-]{section.9.7}{Philosophical\040Significance:\040What\040It\040Revealed\040About\040Limits\040of\040Formal\040Systems}{chapter.9}% 216
\BOOKMARK [1][-]{section.9.8}{Modern\040Legacy:\040Where\040This\040Idea\040Appears\040Today}{chapter.9}% 217
\BOOKMARK [1][-]{section.9.9}{Summary}{chapter.9}% 218
\BOOKMARK [1][-]{section.9.10}{Exercises}{chapter.9}% 219
\BOOKMARK [1][-]{section.9.11}{Timeline}{chapter.9}% 220
\BOOKMARK [1][-]{section.9.11}{Timeline}{chapter.9}% 221
\BOOKMARK [1][-]{section.9.12}{Citations}{chapter.9}% 222
\BOOKMARK [0][-]{chapter.10}{Cryptography}{part.3}% 223
\BOOKMARK [1][-]{section.10.1}{The\040Question:\040What\040Problem\040Was\040Humanity\040Trying\040to\040Solve?}{chapter.10}% 224
\BOOKMARK [1][-]{section.10.2}{Why\040It\040Seemed\040Impossible:\040What\040Barriers\040Blocked\040Progress}{chapter.10}% 225
\BOOKMARK [1][-]{section.10.3}{Historical\040Context:\040What\040Was\040Known\040at\040the\040Time}{chapter.10}% 226
\BOOKMARK [1][-]{section.10.4}{The\040Mental\040Leap:\040The\040Creative\040Insight\040That\040Changed\040Everything}{chapter.10}% 227
\BOOKMARK [1][-]{section.10.5}{The\040Mathematics:\040Rigorous\040Development\040of\040the\040Theory}{chapter.10}% 228
\BOOKMARK [2][-]{subsection.10.5.1}{One-Way\040Functions\040and\040Trapdoors}{section.10.5}% 229
\BOOKMARK [2][-]{subsection.10.5.2}{Symmetric\040Encryption\040and\040the\040Symmetric-Key\040Landscape}{section.10.5}% 230
\BOOKMARK [2][-]{subsection.10.5.3}{Diffie-Hellman\040Key\040Exchange}{section.10.5}% 231
\BOOKMARK [2][-]{subsection.10.5.4}{RSA}{section.10.5}% 232
\BOOKMARK [2][-]{subsection.10.5.5}{ElGamal\040Encryption}{section.10.5}% 233
\BOOKMARK [2][-]{subsection.10.5.6}{Digital\040Signatures}{section.10.5}% 234
\BOOKMARK [2][-]{subsection.10.5.7}{Hash\040Functions}{section.10.5}% 235
\BOOKMARK [2][-]{subsection.10.5.8}{Elliptic\040Curve\040Cryptography}{section.10.5}% 236
\BOOKMARK [2][-]{subsection.10.5.9}{Zero-Knowledge\040Proofs\040as\040Cryptographic\040Primitives}{section.10.5}% 237
\BOOKMARK [2][-]{subsection.10.5.10}{Side-Channel\040Attacks\040and\040Countermeasures}{section.10.5}% 238
\BOOKMARK [2][-]{subsection.10.5.11}{Merkle\040Puzzles\040and\040Merkle\040Trees}{section.10.5}% 239
\BOOKMARK [2][-]{subsection.10.5.12}{Post-Quantum\040Cryptography}{section.10.5}% 240
\BOOKMARK [2][-]{subsection.10.5.13}{Fully\040Homomorphic\040Encryption\040\(FHE\)}{section.10.5}% 241
\BOOKMARK [2][-]{subsection.10.5.14}{Multi-Party\040Computation\040\(MPC\)}{section.10.5}% 242
\BOOKMARK [1][-]{section.10.6}{Consequences:\040What\040Became\040Possible}{chapter.10}% 243
\BOOKMARK [1][-]{section.10.7}{Philosophical\040Significance:\040What\040It\040Revealed\040About\040Limits\040of\040Formal\040Systems}{chapter.10}% 244
\BOOKMARK [1][-]{section.10.8}{Modern\040Legacy:\040Where\040This\040Idea\040Appears\040Today}{chapter.10}% 245
\BOOKMARK [1][-]{section.10.9}{Summary}{chapter.10}% 246
\BOOKMARK [1][-]{section.10.10}{Exercises}{chapter.10}% 247
\BOOKMARK [1][-]{section.10.11}{Timeline}{chapter.10}% 248
\BOOKMARK [1][-]{section.10.11}{Timeline}{chapter.10}% 249
\BOOKMARK [1][-]{section.10.12}{Citations}{chapter.10}% 250
\BOOKMARK [0][-]{chapter.11}{Zero\040Knowledge\040Proofs}{part.3}% 251
\BOOKMARK [1][-]{section.11.1}{The\040Question:\040What\040Problem\040Was\040Humanity\040Trying\040to\040Solve?}{chapter.11}% 252
\BOOKMARK [1][-]{section.11.2}{Why\040It\040Seemed\040Impossible:\040What\040Barriers\040Blocked\040Progress}{chapter.11}% 253
\BOOKMARK [1][-]{section.11.3}{Historical\040Context:\040What\040Was\040Known\040at\040the\040Time}{chapter.11}% 254
\BOOKMARK [1][-]{section.11.4}{The\040Mental\040Leap:\040The\040Creative\040Insight\040That\040Changed\040Everything}{chapter.11}% 255
\BOOKMARK [1][-]{section.11.5}{The\040Mathematics:\040Rigorous\040Development\040of\040the\040Theory}{chapter.11}% 256
\BOOKMARK [2][-]{subsection.11.5.1}{Interactive\040Proofs}{section.11.5}% 257
\BOOKMARK [2][-]{subsection.11.5.2}{Zero-Knowledge}{section.11.5}% 258
\BOOKMARK [2][-]{subsection.11.5.3}{Graph\0403-Coloring\040ZK\040Proof\040\(GMW\)}{section.11.5}% 259
\BOOKMARK [2][-]{subsection.11.5.4}{Sigma\040Protocols}{section.11.5}% 260
\BOOKMARK [2][-]{subsection.11.5.5}{The\040Fiat-Shamir\040Transform}{section.11.5}% 261
\BOOKMARK [2][-]{subsection.11.5.6}{zk-SNARKs\040\(Succinct\040Non-Interactive\040ARguments\040of\040Knowledge\)}{section.11.5}% 262
\BOOKMARK [2][-]{subsection.11.5.7}{zk-STARKs\040\(Scalable\040Transparent\040ARguments\040of\040Knowledge\)}{section.11.5}% 263
\BOOKMARK [2][-]{subsection.11.5.8}{Bulletproofs:\040Short\040Proofs\040Without\040Trusted\040Setup}{section.11.5}% 264
\BOOKMARK [2][-]{subsection.11.5.9}{Recursive\040ZK\040and\040Folding\040Schemes}{section.11.5}% 265
\BOOKMARK [2][-]{subsection.11.5.10}{ZK\040Virtual\040Machines\040\(zkVMs\)}{section.11.5}% 266
\BOOKMARK [1][-]{section.11.6}{Consequences:\040What\040Became\040Possible}{chapter.11}% 267
\BOOKMARK [1][-]{section.11.7}{Philosophical\040Significance:\040What\040It\040Revealed\040About\040Limits\040of\040Formal\040Systems}{chapter.11}% 268
\BOOKMARK [1][-]{section.11.8}{Modern\040Legacy:\040Where\040This\040Idea\040Appears\040Today}{chapter.11}% 269
\BOOKMARK [1][-]{section.11.9}{Summary}{chapter.11}% 270
\BOOKMARK [1][-]{section.11.10}{Exercises}{chapter.11}% 271
\BOOKMARK [1][-]{section.11.11}{Timeline}{chapter.11}% 272
\BOOKMARK [1][-]{section.11.11}{Timeline}{chapter.11}% 273
\BOOKMARK [1][-]{section.11.12}{Citations}{chapter.11}% 274
\BOOKMARK [0][-]{chapter.12}{Interactive\040Proofs}{part.3}% 275
\BOOKMARK [1][-]{section.12.1}{The\040Question:\040What\040Problem\040Was\040Humanity\040Trying\040to\040Solve?}{chapter.12}% 276
\BOOKMARK [1][-]{section.12.2}{Why\040It\040Seemed\040Impossible:\040What\040Barriers\040Blocked\040Progress}{chapter.12}% 277
\BOOKMARK [1][-]{section.12.3}{Historical\040Context:\040What\040Was\040Known\040at\040the\040Time}{chapter.12}% 278
\BOOKMARK [2][-]{subsection.12.3.1}{Key\040Figures}{section.12.3}% 279
\BOOKMARK [1][-]{section.12.4}{The\040Mental\040Leap:\040The\040Creative\040Insight\040That\040Changed\040Everything}{chapter.12}% 280
\BOOKMARK [1][-]{section.12.5}{The\040Mathematics:\040Rigorous\040Development\040of\040the\040Theory}{chapter.12}% 281
\BOOKMARK [2][-]{subsection.12.5.1}{Interactive\040Proof\040Systems}{section.12.5}% 282
\BOOKMARK [2][-]{subsection.12.5.2}{The\040Polynomial\040Hierarchy\040and\040AM}{section.12.5}% 283
\BOOKMARK [2][-]{subsection.12.5.3}{IP\040=\040PSPACE}{section.12.5}% 284
\BOOKMARK [1][-]{section.12.6}{Consequences:\040What\040Became\040Possible}{chapter.12}% 285
\BOOKMARK [1][-]{section.12.7}{Philosophical\040Significance:\040What\040It\040Revealed\040About\040Limits\040of\040Formal\040Systems}{chapter.12}% 286
\BOOKMARK [1][-]{section.12.8}{Modern\040Legacy:\040Where\040This\040Idea\040Appears\040Today}{chapter.12}% 287
\BOOKMARK [1][-]{section.12.9}{Summary}{chapter.12}% 288
\BOOKMARK [1][-]{section.12.10}{Exercises}{chapter.12}% 289
\BOOKMARK [1][-]{section.12.11}{Timeline}{chapter.12}% 290
\BOOKMARK [1][-]{section.12.12}{Citations}{chapter.12}% 291
\BOOKMARK [0][-]{chapter.13}{Consensus}{part.3}% 292
\BOOKMARK [1][-]{section.13.1}{The\040Question:\040What\040Problem\040Was\040Humanity\040Trying\040to\040Solve?}{chapter.13}% 293
\BOOKMARK [1][-]{section.13.2}{Why\040It\040Seemed\040Impossible:\040What\040Barriers\040Blocked\040Progress}{chapter.13}% 294
\BOOKMARK [1][-]{section.13.3}{Historical\040Context:\040What\040Was\040Known\040at\040the\040Time}{chapter.13}% 295
\BOOKMARK [1][-]{section.13.4}{The\040Mental\040Leap:\040The\040Creative\040Insight\040That\040Changed\040Everything}{chapter.13}% 296
\BOOKMARK [1][-]{section.13.5}{The\040Mathematics:\040Rigorous\040Development\040of\040the\040Theory}{chapter.13}% 297
\BOOKMARK [2][-]{subsection.13.5.1}{System\040Models}{section.13.5}% 298
\BOOKMARK [2][-]{subsection.13.5.2}{FLP\040Impossibility}{section.13.5}% 299
\BOOKMARK [2][-]{subsection.13.5.3}{The\040Byzantine\040Generals\040Protocol}{section.13.5}% 300
\BOOKMARK [2][-]{subsection.13.5.4}{Paxos\040\(Single-Decree\)}{section.13.5}% 301
\BOOKMARK [2][-]{subsection.13.5.5}{Multi-Paxos\040/\040Raft}{section.13.5}% 302
\BOOKMARK [2][-]{subsection.13.5.6}{PBFT\040\(Practical\040Byzantine\040Fault\040Tolerance\)}{section.13.5}% 303
\BOOKMARK [2][-]{subsection.13.5.7}{Nakamoto\040Consensus}{section.13.5}% 304
\BOOKMARK [2][-]{subsection.13.5.8}{HotStuff\040/\040Tendermint\040\(BFT\040PoS\)}{section.13.5}% 305
\BOOKMARK [2][-]{subsection.13.5.9}{DAG-based\040Consensus\040\(Narwhal-Bullshark\)}{section.13.5}% 306
\BOOKMARK [2][-]{subsection.13.5.10}{Consensus\040Hierarchy\040\(Herlihy\0401991\)}{section.13.5}% 307
\BOOKMARK [2][-]{subsection.13.5.11}{CAP\040Theorem}{section.13.5}% 308
\BOOKMARK [2][-]{subsection.13.5.12}{Failure\040Detectors\040\(Chandra-Toueg\)}{section.13.5}% 309
\BOOKMARK [2][-]{subsection.13.5.13}{Quorum\040Intersection\040Theory}{section.13.5}% 310
\BOOKMARK [1][-]{section.13.6}{Consequences:\040What\040Became\040Possible}{chapter.13}% 311
\BOOKMARK [1][-]{section.13.7}{Philosophical\040Significance:\040What\040It\040Revealed\040About\040Limits\040of\040Formal\040Systems}{chapter.13}% 312
\BOOKMARK [1][-]{section.13.8}{Modern\040Legacy:\040Where\040This\040Idea\040Appears\040Today}{chapter.13}% 313
\BOOKMARK [1][-]{section.13.9}{Summary}{chapter.13}% 314
\BOOKMARK [1][-]{section.13.10}{Exercises}{chapter.13}% 315
\BOOKMARK [1][-]{section.13.11}{Timeline}{chapter.13}% 316
\BOOKMARK [1][-]{section.13.11}{Timeline}{chapter.13}% 317
\BOOKMARK [1][-]{section.13.12}{Citations}{chapter.13}% 318
\BOOKMARK [-1][-]{part.4}{IV\040Epilogue}{}% 319
\BOOKMARK [0][-]{chapter.14}{The\040Anatomy\040of\040Human\040Genius}{part.4}% 320
\BOOKMARK [1][-]{section.14.1}{The\040Question:\040What\040Patterns\040Unite\040These\040Breakthroughs?}{chapter.14}% 321
\BOOKMARK [1][-]{section.14.2}{Why\040This\040Analysis\040Seemed\040Impossible}{chapter.14}% 322
\BOOKMARK [1][-]{section.14.3}{Historical\040Context:\040The\040Study\040of\040Creativity}{chapter.14}% 323
\BOOKMARK [1][-]{section.14.4}{The\040Mental\040Leaps:\040Nine\040Recurring\040Patterns}{chapter.14}% 324
\BOOKMARK [2][-]{subsection.14.4.1}{1.\040Change\040the\040Representation}{section.14.4}% 325
\BOOKMARK [2][-]{subsection.14.4.2}{2.\040Accept\040Impossibility\040\(Then\040Route\040Around\040It\)}{section.14.4}% 326
\BOOKMARK [2][-]{subsection.14.4.3}{3.\040Introduce\040Randomness}{section.14.4}% 327
\BOOKMARK [2][-]{subsection.14.4.4}{4.\040Exploit\040Self-Reference}{section.14.4}% 328
\BOOKMARK [2][-]{subsection.14.4.5}{5.\040Replace\040Certainty\040with\040Probability}{section.14.4}% 329
\BOOKMARK [2][-]{subsection.14.4.6}{6.\040Introduce\040Abstraction\040Layers}{section.14.4}% 330
\BOOKMARK [2][-]{subsection.14.4.7}{7.\040Reduce\040to\040a\040Known\040Hard\040Core}{section.14.4}% 331
\BOOKMARK [2][-]{subsection.14.4.8}{8.\040Make\040the\040Implicit\040Explicit\040\(Formalize\040the\040Informal\)}{section.14.4}% 332
\BOOKMARK [2][-]{subsection.14.4.9}{9.\040Find\040the\040Conserved\040Quantity\040/\040Invariant}{section.14.4}% 333
\BOOKMARK [1][-]{section.14.5}{The\040Mathematics:\040A\040Taxonomy\040of\040Breakthrough\040Structures}{chapter.14}% 334
\BOOKMARK [1][-]{section.14.6}{Consequences:\040What\040This\040Meta-Understanding\040Enables}{chapter.14}% 335
\BOOKMARK [1][-]{section.14.7}{Philosophical\040Significance}{chapter.14}% 336
\BOOKMARK [1][-]{section.14.8}{Modern\040Legacy:\040Where\040These\040Patterns\040Are\040Active\040Now}{chapter.14}% 337
\BOOKMARK [1][-]{section.14.9}{Summary}{chapter.14}% 338
\BOOKMARK [1][-]{section.14.10}{Case\040Studies:\040Applying\040the\040Nine\040Patterns\040to\040Seven\040Modern\040Breakthroughs}{chapter.14}% 339
\BOOKMARK [2][-]{subsection.14.10.1}{Case\040Study\0401:\040The\040Fast\040Fourier\040Transform\040\(Cooley-Tukey\0401965\)}{section.14.10}% 340
\BOOKMARK [2][-]{subsection.14.10.2}{Case\040Study\0402:\040The\040Kalman\040Filter\040\(1960\)}{section.14.10}% 341
\BOOKMARK [2][-]{subsection.14.10.3}{Case\040Study\0403:\040CRISPR-Cas9\040Gene\040Editing\040\(2012\)}{section.14.10}% 342
\BOOKMARK [2][-]{subsection.14.10.4}{Case\040Study\0404:\040The\040Transformer\040Architecture\040\(2017\)}{section.14.10}% 343
\BOOKMARK [2][-]{subsection.14.10.5}{Case\040Study\0405:\040The\040Simplex\040Algorithm\040\(Dantzig\0401947\)}{section.14.10}% 344
\BOOKMARK [2][-]{subsection.14.10.6}{Case\040Study\0406:\040Backpropagation\040\(Rumelhart,\040Hinton,\040Williams\0401986\)}{section.14.10}% 345
\BOOKMARK [2][-]{subsection.14.10.7}{Case\040Study\0407:\040Hash\040Tables\040and\040Bloom\040Filters}{section.14.10}% 346
\BOOKMARK [1][-]{section.14.11}{Cross-Cutting\040Themes:\040What\040the\040Case\040Studies\040Reveal}{chapter.14}% 347
\BOOKMARK [1][-]{section.14.12}{Exercises}{chapter.14}% 348
\BOOKMARK [1][-]{section.14.13}{Timeline:\040The\040Science\040of\040Breakthroughs}{chapter.14}% 349
\BOOKMARK [1][-]{section.14.13}{Timeline}{chapter.14}% 350
\BOOKMARK [1][-]{section.14.14}{Citations}{chapter.14}% 351
\BOOKMARK [0][-]{appendix.A}{Timeline\040of\040Major\040Discoveries}{part.4}% 352
\BOOKMARK [1][-]{section.A.1}{1900\2051950:\040Foundations}{appendix.A}% 353
\BOOKMARK [1][-]{section.A.2}{1950\2051980:\040The\040Classical\040Era}{appendix.A}% 354
\BOOKMARK [1][-]{section.A.3}{1980\2052000:\040Expansion\040and\040Deepening}{appendix.A}% 355
\BOOKMARK [1][-]{section.A.4}{2000\2052020:\040Modern\040Breakthroughs}{appendix.A}% 356
\BOOKMARK [0][-]{appendix.B}{Biographical\040Sketches}{part.4}% 357
\BOOKMARK [0][-]{appendix.C}{Mathematical\040Prerequisites}{part.4}% 358
\BOOKMARK [1][-]{section.C.1}{Discrete\040Mathematics}{appendix.C}% 359
\BOOKMARK [2][-]{subsection.C.1.1}{Sets,\040Relations,\040Functions}{section.C.1}% 360
\BOOKMARK [2][-]{subsection.C.1.2}{Graph\040Theory}{section.C.1}% 361
\BOOKMARK [2][-]{subsection.C.1.3}{Combinatorics}{section.C.1}% 362
\BOOKMARK [1][-]{section.C.2}{Probability}{appendix.C}% 363
\BOOKMARK [2][-]{subsection.C.2.1}{Basic\040Probability}{section.C.2}% 364
\BOOKMARK [2][-]{subsection.C.2.2}{Concentration\040Inequalities}{section.C.2}% 365
\BOOKMARK [2][-]{subsection.C.2.3}{Common\040Distributions}{section.C.2}% 366
\BOOKMARK [1][-]{section.C.3}{Linear\040Algebra}{appendix.C}% 367
\BOOKMARK [2][-]{subsection.C.3.1}{Vector\040Spaces}{section.C.3}% 368
\BOOKMARK [2][-]{subsection.C.3.2}{Matrices}{section.C.3}% 369
\BOOKMARK [2][-]{subsection.C.3.3}{Markov\040Chains}{section.C.3}% 370
\BOOKMARK [1][-]{section.C.4}{Number\040Theory}{appendix.C}% 371
\BOOKMARK [2][-]{subsection.C.4.1}{Basics}{section.C.4}% 372
\BOOKMARK [2][-]{subsection.C.4.2}{Primality\040and\040Factoring}{section.C.4}% 373
\BOOKMARK [2][-]{subsection.C.4.3}{Finite\040Fields}{section.C.4}% 374
\BOOKMARK [2][-]{subsection.C.4.4}{Elliptic\040Curves}{section.C.4}% 375
\BOOKMARK [1][-]{section.C.5}{Computability\040and\040Complexity}{appendix.C}% 376
\BOOKMARK [2][-]{subsection.C.5.1}{Turing\040Machines}{section.C.5}% 377
\BOOKMARK [2][-]{subsection.C.5.2}{Complexity\040Classes}{section.C.5}% 378
\BOOKMARK [2][-]{subsection.C.5.3}{Reductions}{section.C.5}% 379
\BOOKMARK [1][-]{section.C.6}{Logic\040and\040Proof\040Theory}{appendix.C}% 380
\BOOKMARK [2][-]{subsection.C.6.1}{Propositional\040Logic}{section.C.6}% 381
\BOOKMARK [2][-]{subsection.C.6.2}{First-Order\040Logic}{section.C.6}% 382
\BOOKMARK [2][-]{subsection.C.6.3}{Proof\040Systems}{section.C.6}% 383
\BOOKMARK [1][-]{section.C.7}{Information\040Theory}{appendix.C}% 384
\BOOKMARK [2][-]{subsection.C.7.1}{Entropy\040and\040Mutual\040Information}{section.C.7}% 385
\BOOKMARK [2][-]{subsection.C.7.2}{Coding}{section.C.7}% 386
\BOOKMARK [1][-]{section.C.8}{Algebraic\040Structures}{appendix.C}% 387
\BOOKMARK [2][-]{subsection.C.8.1}{Groups}{section.C.8}% 388
\BOOKMARK [2][-]{subsection.C.8.2}{Rings\040and\040Fields}{section.C.8}% 389
\BOOKMARK [1][-]{section.C.9}{Asymptotic\040Notation}{appendix.C}% 390
\BOOKMARK [1][-]{section.C.10}{Useful\040Mathematical\040Constants}{appendix.C}% 391
\BOOKMARK [0][-]{appendix.D}{Guide\040for\040Further\040Reading}{part.4}% 392
\BOOKMARK [1][-]{section.D.1}{General\040References}{appendix.D}% 393
\BOOKMARK [2][-]{subsection.D.1.1}{Textbooks}{section.D.1}% 394
\BOOKMARK [2][-]{subsection.D.1.2}{Survey\040Articles}{section.D.1}% 395
\BOOKMARK [1][-]{section.D.2}{By\040Chapter}{appendix.D}% 396
\BOOKMARK [2][-]{subsection.D.2.1}{Chapter\0401:\040What\040Is\040Computation?}{section.D.2}% 397
\BOOKMARK [2][-]{subsection.D.2.2}{Chapter\0402:\040The\040Halting\040Problem}{section.D.2}% 398
\BOOKMARK [2][-]{subsection.D.2.3}{Chapter\0403:\040G\366del's\040Incompleteness\040Theorems}{section.D.2}% 399
\BOOKMARK [2][-]{subsection.D.2.4}{Chapter\0404:\040Rice's\040Theorem}{section.D.2}% 400
\BOOKMARK [2][-]{subsection.D.2.5}{Chapter\0405:\040What\040Is\040Information?}{section.D.2}% 401
\BOOKMARK [2][-]{subsection.D.2.6}{Chapter\0406:\040Error\040Correcting\040Codes}{section.D.2}% 402
\BOOKMARK [2][-]{subsection.D.2.7}{Chapter\0407:\040Kolmogorov\040Complexity}{section.D.2}% 403
\BOOKMARK [2][-]{subsection.D.2.8}{Chapter\0408:\040Computational\040Complexity}{section.D.2}% 404
\BOOKMARK [2][-]{subsection.D.2.9}{Chapter\0409:\040NP\040Completeness}{section.D.2}% 405
\BOOKMARK [2][-]{subsection.D.2.10}{Chapter\04010:\040Cryptography}{section.D.2}% 406
\BOOKMARK [2][-]{subsection.D.2.11}{Chapter\04011:\040Zero\040Knowledge\040Proofs}{section.D.2}% 407
\BOOKMARK [2][-]{subsection.D.2.12}{Chapter\04012:\040Interactive\040Proofs}{section.D.2}% 408
\BOOKMARK [2][-]{subsection.D.2.13}{Chapter\04013:\040Consensus}{section.D.2}% 409
\BOOKMARK [2][-]{subsection.D.2.14}{Graph\040Algorithms}{section.D.2}% 410
\BOOKMARK [2][-]{subsection.D.2.15}{Chapter\04014:\040The\040Anatomy\040of\040Human\040Genius}{section.D.2}% 411
\BOOKMARK [1][-]{section.D.3}{Online\040Resources}{appendix.D}% 412
\BOOKMARK [0][-]{appendix.E}{Exercise\040Solutions}{part.4}% 413
\BOOKMARK [1][-]{section.E.1}{Chapter\0401:\040What\040Is\040Computation?}{appendix.E}% 414
\BOOKMARK [1][-]{section.E.2}{Chapter\0402:\040The\040Halting\040Problem}{appendix.E}% 415
\BOOKMARK [1][-]{section.E.3}{Chapter\0403:\040G\366del's\040Incompleteness\040Theorems}{appendix.E}% 416
\BOOKMARK [1][-]{section.E.4}{Chapter\0404:\040Rice's\040Theorem}{appendix.E}% 417
\BOOKMARK [1][-]{section.E.5}{Chapter\0405:\040What\040Is\040Information?}{appendix.E}% 418
\BOOKMARK [1][-]{section.E.6}{Chapter\0406:\040Error\040Correcting\040Codes}{appendix.E}% 419
\BOOKMARK [1][-]{section.E.7}{Chapter\0407:\040Kolmogorov\040Complexity}{appendix.E}% 420
\BOOKMARK [1][-]{section.E.8}{Chapter\0408:\040Computational\040Complexity}{appendix.E}% 421
\BOOKMARK [1][-]{section.E.9}{Chapter\0409:\040NP-Completeness}{appendix.E}% 422
\BOOKMARK [1][-]{section.E.10}{Chapter\04010:\040Cryptography}{appendix.E}% 423
\BOOKMARK [1][-]{section.E.11}{Chapter\04011:\040Zero\040Knowledge\040Proofs}{appendix.E}% 424
\BOOKMARK [1][-]{section.E.12}{Chapter\04012:\040Interactive\040Proofs}{appendix.E}% 425
\BOOKMARK [1][-]{section.E.13}{Chapter\04013:\040Distributed\040Consensus}{appendix.E}% 426
\BOOKMARK [1][-]{section.E.14}{Chapter\04014:\040The\040Anatomy\040of\040Human\040Genius}{appendix.E}% 427
